
   PASS  Tests\Feature\CheckoutTest
  Γ£ô authenticated user can checkout with db cart                         5.95s  
  Γ£ô guest cannot access cart                                             0.04s  

   PASS  Tests\Feature\ReviewAndPointsTest
  Γ£ô checkout can redeem points and reduce total                          0.07s  
  Γ£ô only bought users can submit review                                  0.04s  

  Tests:    4 passed (18 assertions)
  Duration: 6.31s

