
   FAIL  Tests\Feature\CheckoutTest
  Γ¿» authenticated user can checkout with db cart                         5.26s  
  Γ¿» guest cannot access cart                                             0.62s  

   FAIL  Tests\Feature\ReviewAndPointsTest
  Γ¿» checkout can redeem points and reduce total                          0.08s  
  Γ£ô only bought users can submit review                                  0.06s  
  ΓöÇΓöÇΓöÇΓöÇΓöÇΓöÇΓöÇΓöÇΓöÇΓöÇΓöÇΓöÇΓöÇΓöÇΓöÇΓöÇΓöÇΓöÇΓöÇΓöÇΓöÇΓöÇΓöÇΓöÇΓöÇΓöÇΓöÇΓöÇΓöÇΓöÇΓöÇΓöÇΓöÇΓöÇΓöÇΓöÇΓöÇΓöÇΓöÇΓöÇΓöÇΓöÇΓöÇΓöÇΓöÇΓöÇΓöÇΓöÇΓöÇΓöÇΓöÇΓöÇΓöÇΓöÇΓöÇΓöÇΓöÇΓöÇΓöÇΓöÇΓöÇΓöÇΓöÇΓöÇΓöÇΓöÇΓöÇΓöÇΓöÇΓöÇΓöÇΓöÇΓöÇΓöÇΓöÇΓöÇ  
   FAILED  Tests\Feature\CheckoutTest > authenticated user can cΓÇª  ParseError   
  syntax error, unexpected token "<", expecting end of file

  at app\Services\CartService.php:116
    112Γûò     {
    113Γûò         return array_sum(array_map(fn($i) => $i['quantity'] ?? 0, $this->all()));
    114Γûò     }
    115Γûò }
  Γ₧£ 116Γûò <?php
    117Γûò 
    118Γûò namespace App\Services;
    119Γûò 
    120Γûò use App\Models\Cart;

  1   app\Services\CartService.php:116
  2   vendor\laravel\framework\src\Illuminate\Container\Container.php:1000

  ΓöÇΓöÇΓöÇΓöÇΓöÇΓöÇΓöÇΓöÇΓöÇΓöÇΓöÇΓöÇΓöÇΓöÇΓöÇΓöÇΓöÇΓöÇΓöÇΓöÇΓöÇΓöÇΓöÇΓöÇΓöÇΓöÇΓöÇΓöÇΓöÇΓöÇΓöÇΓöÇΓöÇΓöÇΓöÇΓöÇΓöÇΓöÇΓöÇΓöÇΓöÇΓöÇΓöÇΓöÇΓöÇΓöÇΓöÇΓöÇΓöÇΓöÇΓöÇΓöÇΓöÇΓöÇΓöÇΓöÇΓöÇΓöÇΓöÇΓöÇΓöÇΓöÇΓöÇΓöÇΓöÇΓöÇΓöÇΓöÇΓöÇΓöÇΓöÇΓöÇΓöÇΓöÇΓöÇΓöÇ  
   FAILED  Tests\Feature\CheckoutTest > guest cannot access cart                
  Expected response status code [201, 301, 302, 303, 307, 308] but received 500.
Failed asserting that false is true.

The following exception occurred during the last request:

ParseError: syntax error, unexpected token "<", expecting end of file in K:\github-DATN-main\github-DATN\app\Http\Controllers\CartController.php:55
Stack trace:
#0 K:\github-DATN-main\github-DATN\vendor\composer\ClassLoader.php(427): Composer\Autoload\{closure}('K:\\github-DATN-...')
#1 [internal function]: Composer\Autoload\ClassLoader->loadClass('App\\Http\\Contro...')
#2 K:\github-DATN-main\github-DATN\vendor\laravel\framework\src\Illuminate\Routing\Route.php(1125): is_a('App\\Http\\Contro...', 'Illuminate\\Rout...', true)
#3 K:\github-DATN-main\github-DATN\vendor\laravel\framework\src\Illuminate\Routing\Route.php(1062): Illuminate\Routing\Route->controllerMiddleware()
#4 K:\github-DATN-main\github-DATN\vendor\laravel\framework\src\Illuminate\Routing\Router.php(834): Illuminate\Routing\Route->gatherMiddleware()
#5 K:\github-DATN-main\github-DATN\vendor\laravel\framework\src\Illuminate\Routing\Router.php(816): Illuminate\Routing\Router->gatherRouteMiddleware(Object(Illuminate\Routing\Route))
#6 K:\github-DATN-main\github-DATN\vendor\laravel\framework\src\Illuminate\Routing\Router.php(800): Illuminate\Routing\Router->runRouteWithinStack(Object(Illuminate\Routing\Route), Object(Illuminate\Http\Request))
#7 K:\github-DATN-main\github-DATN\vendor\laravel\framework\src\Illuminate\Routing\Router.php(764): Illuminate\Routing\Router->runRoute(Object(Illuminate\Http\Request), Object(Illuminate\Routing\Route))
#8 K:\github-DATN-main\github-DATN\vendor\laravel\framework\src\Illuminate\Routing\Router.php(753): Illuminate\Routing\Router->dispatchToRoute(Object(Illuminate\Http\Request))
#9 K:\github-DATN-main\github-DATN\vendor\laravel\framework\src\Illuminate\Foundation\Http\Kernel.php(200): Illuminate\Routing\Router->dispatch(Object(Illuminate\Http\Request))
#10 K:\github-DATN-main\github-DATN\vendor\laravel\framework\src\Illuminate\Pipeline\Pipeline.php(180): Illuminate\Foundation\Http\Kernel->Illuminate\Foundation\Http\{closure}(Object(Illuminate\Http\Request))
#11 K:\github-DATN-main\github-DATN\vendor\laravel\framework\src\Illuminate\Foundation\Http\Middleware\TransformsRequest.php(21): Illuminate\Pipeline\Pipeline->Illuminate\Pipeline\{closure}(Object(Illuminate\Http\Request))
#12 K:\github-DATN-main\github-DATN\vendor\laravel\framework\src\Illuminate\Foundation\Http\Middleware\ConvertEmptyStringsToNull.php(31): Illuminate\Foundation\Http\Middleware\TransformsRequest->handle(Object(Illuminate\Http\Request), Object(Closure))
#13 K:\github-DATN-main\github-DATN\vendor\laravel\framework\src\Illuminate\Pipeline\Pipeline.php(219): Illuminate\Foundation\Http\Middleware\ConvertEmptyStringsToNull->handle(Object(Illuminate\Http\Request), Object(Closure))
#14 K:\github-DATN-main\github-DATN\vendor\laravel\framework\src\Illuminate\Foundation\Http\Middleware\TransformsRequest.php(21): Illuminate\Pipeline\Pipeline->Illuminate\Pipeline\{closure}(Object(Illuminate\Http\Request))
#15 K:\github-DATN-main\github-DATN\vendor\laravel\framework\src\Illuminate\Foundation\Http\Middleware\TrimStrings.php(51): Illuminate\Foundation\Http\Middleware\TransformsRequest->handle(Object(Illuminate\Http\Request), Object(Closure))
#16 K:\github-DATN-main\github-DATN\vendor\laravel\framework\src\Illuminate\Pipeline\Pipeline.php(219): Illuminate\Foundation\Http\Middleware\TrimStrings->handle(Object(Illuminate\Http\Request), Object(Closure))
#17 K:\github-DATN-main\github-DATN\vendor\laravel\framework\src\Illuminate\Http\Middleware\ValidatePostSize.php(27): Illuminate\Pipeline\Pipeline->Illuminate\Pipeline\{closure}(Object(Illuminate\Http\Request))
#18 K:\github-DATN-main\github-DATN\vendor\laravel\framework\src\Illuminate\Pipeline\Pipeline.php(219): Illuminate\Http\Middleware\ValidatePostSize->handle(Object(Illuminate\Http\Request), Object(Closure))
#19 K:\github-DATN-main\github-DATN\vendor\laravel\framework\src\Illuminate\Foundation\Http\Middleware\PreventRequestsDuringMaintenance.php(109): Illuminate\Pipeline\Pipeline->Illuminate\Pipeline\{closure}(Object(Illuminate\Http\Request))
#20 K:\github-DATN-main\github-DATN\vendor\laravel\framework\src\Illuminate\Pipeline\Pipeline.php(219): Illuminate\Foundation\Http\Middleware\PreventRequestsDuringMaintenance->handle(Object(Illuminate\Http\Request), Object(Closure))
#21 K:\github-DATN-main\github-DATN\vendor\laravel\framework\src\Illuminate\Http\Middleware\HandleCors.php(61): Illuminate\Pipeline\Pipeline->Illuminate\Pipeline\{closure}(Object(Illuminate\Http\Request))
#22 K:\github-DATN-main\github-DATN\vendor\laravel\framework\src\Illuminate\Pipeline\Pipeline.php(219): Illuminate\Http\Middleware\HandleCors->handle(Object(Illuminate\Http\Request), Object(Closure))
#23 K:\github-DATN-main\github-DATN\vendor\laravel\framework\src\Illuminate\Http\Middleware\TrustProxies.php(58): Illuminate\Pipeline\Pipeline->Illuminate\Pipeline\{closure}(Object(Illuminate\Http\Request))
#24 K:\github-DATN-main\github-DATN\vendor\laravel\framework\src\Illuminate\Pipeline\Pipeline.php(219): Illuminate\Http\Middleware\TrustProxies->handle(Object(Illuminate\Http\Request), Object(Closure))
#25 K:\github-DATN-main\github-DATN\vendor\laravel\framework\src\Illuminate\Foundation\Http\Middleware\InvokeDeferredCallbacks.php(22): Illuminate\Pipeline\Pipeline->Illuminate\Pipeline\{closure}(Object(Illuminate\Http\Request))
#26 K:\github-DATN-main\github-DATN\vendor\laravel\framework\src\Illuminate\Pipeline\Pipeline.php(219): Illuminate\Foundation\Http\Middleware\InvokeDeferredCallbacks->handle(Object(Illuminate\Http\Request), Object(Closure))
#27 K:\github-DATN-main\github-DATN\vendor\laravel\framework\src\Illuminate\Http\Middleware\ValidatePathEncoding.php(26): Illuminate\Pipeline\Pipeline->Illuminate\Pipeline\{closure}(Object(Illuminate\Http\Request))
#28 K:\github-DATN-main\github-DATN\vendor\laravel\framework\src\Illuminate\Pipeline\Pipeline.php(219): Illuminate\Http\Middleware\ValidatePathEncoding->handle(Object(Illuminate\Http\Request), Object(Closure))
#29 K:\github-DATN-main\github-DATN\vendor\laravel\framework\src\Illuminate\Pipeline\Pipeline.php(137): Illuminate\Pipeline\Pipeline->Illuminate\Pipeline\{closure}(Object(Illuminate\Http\Request))
#30 K:\github-DATN-main\github-DATN\vendor\laravel\framework\src\Illuminate\Foundation\Http\Kernel.php(175): Illuminate\Pipeline\Pipeline->then(Object(Closure))
#31 K:\github-DATN-main\github-DATN\vendor\laravel\framework\src\Illuminate\Foundation\Http\Kernel.php(144): Illuminate\Foundation\Http\Kernel->sendRequestThroughRouter(Object(Illuminate\Http\Request))
#32 K:\github-DATN-main\github-DATN\vendor\laravel\framework\src\Illuminate\Foundation\Testing\Concerns\MakesHttpRequests.php(607): Illuminate\Foundation\Http\Kernel->handle(Object(Illuminate\Http\Request))
#33 K:\github-DATN-main\github-DATN\vendor\laravel\framework\src\Illuminate\Foundation\Testing\Concerns\MakesHttpRequests.php(368): Illuminate\Foundation\Testing\TestCase->call('GET', 'http://localhos...', Array, Array, Array, Array)
#34 K:\github-DATN-main\github-DATN\tests\Feature\CheckoutTest.php(40): Illuminate\Foundation\Testing\TestCase->get('http://localhos...')
#35 K:\github-DATN-main\github-DATN\vendor\phpunit\phpunit\src\Framework\TestCase.php(1667): Tests\Feature\CheckoutTest->test_guest_cannot_access_cart()
#36 K:\github-DATN-main\github-DATN\vendor\phpunit\phpunit\src\Framework\TestCase.php(519): PHPUnit\Framework\TestCase->runTest()
#37 K:\github-DATN-main\github-DATN\vendor\phpunit\phpunit\src\Framework\TestRunner\TestRunner.php(87): PHPUnit\Framework\TestCase->runBare()
#38 K:\github-DATN-main\github-DATN\vendor\phpunit\phpunit\src\Framework\TestCase.php(365): PHPUnit\Framework\TestRunner->run(Object(Tests\Feature\CheckoutTest))
#39 K:\github-DATN-main\github-DATN\vendor\phpunit\phpunit\src\Framework\TestSuite.php(369): PHPUnit\Framework\TestCase->run()
#40 K:\github-DATN-main\github-DATN\vendor\phpunit\phpunit\src\Framework\TestSuite.php(369): PHPUnit\Framework\TestSuite->run()
#41 K:\github-DATN-main\github-DATN\vendor\phpunit\phpunit\src\Framework\TestSuite.php(369): PHPUnit\Framework\TestSuite->run()
#42 K:\github-DATN-main\github-DATN\vendor\phpunit\phpunit\src\TextUI\TestRunner.php(64): PHPUnit\Framework\TestSuite->run()
#43 K:\github-DATN-main\github-DATN\vendor\phpunit\phpunit\src\TextUI\Application.php(211): PHPUnit\TextUI\TestRunner->run(Object(PHPUnit\TextUI\Configuration\Configuration), Object(PHPUnit\Runner\ResultCache\DefaultResultCache), Object(PHPUnit\Framework\TestSuite))
#44 K:\github-DATN-main\github-DATN\vendor\phpunit\phpunit\phpunit(104): PHPUnit\TextUI\Application->run(Array)
#45 {main}

----------------------------------------------------------------------------------

syntax error, unexpected token "<", expecting end of file

  at tests\Feature\CheckoutTest.php:40
     36Γûò     }
     37Γûò 
     38Γûò     public function test_guest_cannot_access_cart(): void
     39Γûò     {
  Γ₧£  40Γûò         $this->get(route('cart.index'))->assertRedirect(route('login'));
     41Γûò     }
     42Γûò }
     43Γûò

  ΓöÇΓöÇΓöÇΓöÇΓöÇΓöÇΓöÇΓöÇΓöÇΓöÇΓöÇΓöÇΓöÇΓöÇΓöÇΓöÇΓöÇΓöÇΓöÇΓöÇΓöÇΓöÇΓöÇΓöÇΓöÇΓöÇΓöÇΓöÇΓöÇΓöÇΓöÇΓöÇΓöÇΓöÇΓöÇΓöÇΓöÇΓöÇΓöÇΓöÇΓöÇΓöÇΓöÇΓöÇΓöÇΓöÇΓöÇΓöÇΓöÇΓöÇΓöÇΓöÇΓöÇΓöÇΓöÇΓöÇΓöÇΓöÇΓöÇΓöÇΓöÇΓöÇΓöÇΓöÇΓöÇΓöÇΓöÇΓöÇΓöÇΓöÇΓöÇΓöÇΓöÇΓöÇΓöÇΓöÇ  
   FAILED  Tests\Feature\ReviewAndPointsTest > checkout can redeΓÇª  ParseError   
  syntax error, unexpected token "<", expecting end of file

  at app\Services\CartService.php:116
    112Γûò     {
    113Γûò         return array_sum(array_map(fn($i) => $i['quantity'] ?? 0, $this->all()));
    114Γûò     }
    115Γûò }
  Γ₧£ 116Γûò <?php
    117Γûò 
    118Γûò namespace App\Services;
    119Γûò 
    120Γûò use App\Models\Cart;

  1   app\Services\CartService.php:116
  2   vendor\laravel\framework\src\Illuminate\Container\Container.php:1000


  Tests:    3 failed, 1 passed (4 assertions)
  Duration: 6.23s

